==============================================================================
[体检] 图片 8 · 标注 8 · 框 8 · 背景样本 0 · 类别分布 {'optical_module': 8}
[数据集] /home/ubuntu/zmax_data/annot_smoke/dataset/data.yaml
   # 由 tools/yolo_annot_dataset.py --build 生成 — 别手改 (改完会被下一次 --build 覆盖)
   path: /home/ubuntu/zmax_data/annot_smoke/dataset
   train: images/train
   val: images/val
   nc: 1
   names:
     0: optical_module
⚠️ 只有 8 张 → 能跑通管线, 但精度别指望 (建议首轮 ≥100 张覆盖多位置/光照)
[基座] yolov8n.pt (重头训)
[设备] 0 · torch 2.7.1+cu128 · cuda=True
[参数] epochs=2 imgsz=320 batch=2 类别=['optical_module'] nc=1
==============================================================================
New https://pypi.org/project/ultralytics/8.4.154 available 😃 Update with 'pip install -U ultralytics'
Ultralytics 8.4.126 🚀 Python-3.11.15 torch-2.7.1+cu128 CUDA:0 (NVIDIA GeForce RTX 4060 Laptop GPU, 7806MiB)
[34m[1mengine/trainer: [0magnostic_nms=False, amp=True, angle=1.0, augment=False, auto_augment=randaugment, batch=2, bgr=0.0, box=7.5, cache=False, cfg=None, channels_last=False, classes=None, close_mosaic=10, cls=0.5, cls_pw=0.0, cls_remap=True, compile=False, conf=None, copy_paste=0.0, copy_paste_mode=flip, cos_lr=False, cutmix=0.0, data=/home/ubuntu/zmax_data/annot_smoke/dataset/data.yaml, degrees=0.0, deterministic=True, device=0, dfl=1.5, dgrad=0.5, dis=6.0, distill_model=None, dlam=1.0, dlog=1.0, dnn=False, dropout=0.0, dynamic=False, embed=None, end2end=None, epochs=2, erasing=0.4, exist_ok=True, fliplr=0.5, flipud=0.0, format=torchscript, fraction=1.0, freeze=None, hsv_h=0.015, hsv_s=0.7, hsv_v=0.4, imgsz=320, iou=0.7, keras=False, kobj=1.0, line_width=None, lr0=0.01, lrf=0.01, mask_ratio=4, max_det=300, mixup=0.0, mode=train, model=yolov8n.pt, momentum=0.937, mosaic=1.0, multi_scale=0.0, name=smoke_plumbing, nbs=64, nms=False, opset=None, optimize=False, optimizer=auto, overlap_mask=True, patience=100, perspective=0.0, plots=True, pose=12.0, pretrained=True, profile=False, project=outputs/yolo_annot_smoke, quantize=None, rect=False, resume=False, retina_masks=False, rle=1.0, save=True, save_conf=False, save_crop=False, save_dir=/home/ubuntu/lerobot-smolvla-lew/runs/detect/outputs/yolo_annot_smoke/smoke_plumbing, save_frames=False, save_json=False, save_period=-1, save_txt=False, scale=0.5, seed=0, shear=0.0, show=False, show_boxes=True, show_conf=True, show_labels=True, simplify=True, single_cls=False, source=None, split=val, stream_buffer=False, task=detect, time=None, tracker=tracktrack.yaml, translate=0.1, val=True, verbose=True, vid_stride=1, visualize=False, warmup_bias_lr=0.1, warmup_epochs=3.0, warmup_momentum=0.8, weight_decay=0.0005, workers=2, workspace=None
Overriding model.yaml nc=80 with nc=1

                   from  n    params  module                                       arguments                     
  0                  -1  1       464  ultralytics.nn.modules.conv.Conv             [3, 16, 3, 2]                 
  1                  -1  1      4672  ultralytics.nn.modules.conv.Conv             [16, 32, 3, 2]                
  2                  -1  1      7360  ultralytics.nn.modules.block.C2f             [32, 32, 1, True]             
  3                  -1  1     18560  ultralytics.nn.modules.conv.Conv             [32, 64, 3, 2]                
  4                  -1  2     49664  ultralytics.nn.modules.block.C2f             [64, 64, 2, True]             
  5                  -1  1     73984  ultralytics.nn.modules.conv.Conv             [64, 128, 3, 2]               
  6                  -1  2    197632  ultralytics.nn.modules.block.C2f             [128, 128, 2, True]           
  7                  -1  1    295424  ultralytics.nn.modules.conv.Conv             [128, 256, 3, 2]              
  8                  -1  1    460288  ultralytics.nn.modules.block.C2f             [256, 256, 1, True]           
  9                  -1  1    164608  ultralytics.nn.modules.block.SPPF            [256, 256, 5]                 
 10                  -1  1         0  torch.nn.modules.upsampling.Upsample         [None, 2, 'nearest']          
 11             [-1, 6]  1         0  ultralytics.nn.modules.conv.Concat           [1]                           
 12                  -1  1    148224  ultralytics.nn.modules.block.C2f             [384, 128, 1]                 
 13                  -1  1         0  torch.nn.modules.upsampling.Upsample         [None, 2, 'nearest']          
 14             [-1, 4]  1         0  ultralytics.nn.modules.conv.Concat           [1]                           
 15                  -1  1     37248  ultralytics.nn.modules.block.C2f             [192, 64, 1]                  
 16                  -1  1     36992  ultralytics.nn.modules.conv.Conv             [64, 64, 3, 2]                
 17            [-1, 12]  1         0  ultralytics.nn.modules.conv.Concat           [1]                           
 18                  -1  1    123648  ultralytics.nn.modules.block.C2f             [192, 128, 1]                 
 19                  -1  1    147712  ultralytics.nn.modules.conv.Conv             [128, 128, 3, 2]              
 20             [-1, 9]  1         0  ultralytics.nn.modules.conv.Concat           [1]                           
 21                  -1  1    493056  ultralytics.nn.modules.block.C2f             [384, 256, 1]                 
 22        [15, 18, 21]  1    751507  ultralytics.nn.modules.head.Detect           [1, 16, None, [64, 128, 256]] 
Model summary: 130 layers, 3,011,043 parameters, 3,011,027 gradients, 8.2 GFLOPs

Transferred 319/355 items from pretrained weights
Freezing layer 'model.22.dfl.conv.weight'
[34m[1mAMP: [0mrunning Automatic Mixed Precision (AMP) checks...
[34m[1mAMP: [0mchecks passed ✅
[34m[1mtrain: [0mFast image access ✅ (ping: 0.0±0.0 ms, read: 4551.6±1507.3 MB/s, size: 57.0 KB)
[K[34m[1mtrain: [0mScanning /home/ubuntu/zmax_data/annot_smoke/dataset/labels/train... 7 images, 0 backgrounds, 0 corrupt: 100% ━━━━━━━━━━━━ 7/7 1.9Kit/s 0.0s
[34m[1mtrain: [0mNew cache created: /home/ubuntu/zmax_data/annot_smoke/dataset/labels/train.cache
[34m[1mval: [0mFast image access ✅ (ping: 0.0±0.0 ms, read: 1728.2±0.0 MB/s, size: 57.1 KB)
[K[34m[1mval: [0mScanning /home/ubuntu/zmax_data/annot_smoke/dataset/labels/val... 1 images, 0 backgrounds, 0 corrupt: 100% ━━━━━━━━━━━━ 1/1 971.4it/s 0.0s
[34m[1mval: [0mNew cache created: /home/ubuntu/zmax_data/annot_smoke/dataset/labels/val.cache
[34m[1moptimizer:[0m 'optimizer=auto' found, ignoring 'lr0=0.01' and 'momentum=0.937' and determining best 'optimizer', 'lr0' and 'momentum' automatically... 
[34m[1moptimizer:[0m AdamW(lr=0.002, momentum=0.9) with parameter groups 57 weight(decay=0.0), 64 weight(decay=0.0005), 63 bias(decay=0.0)
Plotting labels to /home/ubuntu/lerobot-smolvla-lew/runs/detect/outputs/yolo_annot_smoke/smoke_plumbing/labels.jpg... 
Image sizes 320 train, 320 val
Using 2 dataloader workers
Logging results to [1m/home/ubuntu/lerobot-smolvla-lew/runs/detect/outputs/yolo_annot_smoke/smoke_plumbing[0m
Starting training for 2 epochs...

      Epoch    GPU_mem   box_loss   cls_loss   dfl_loss  Instances       Size
[K        1/2     0.145G      3.747      3.694      3.207          5        320: 0% ──────────── 0/4  0.8s[K        1/2     0.154G      3.398       3.55      2.942          2        320: 75% ━━━━━━━━━─── 3/4 1.0it/s 1.6s<1.0s[K        1/2     0.154G      3.398       3.55      2.942          2        320: 100% ━━━━━━━━━━━━ 4/4 2.4it/s 1.6s
[K                 Class     Images  Instances      Box(P          R      mAP50  mAP50-95): 100% ━━━━━━━━━━━━ 1/1 21.4it/s 0.0s
                   all          1          1    0.00658          1     0.0207    0.00368

      Epoch    GPU_mem   box_loss   cls_loss   dfl_loss  Instances       Size
[K        2/2      0.16G      3.027      3.574      2.632          4        320: 100% ━━━━━━━━━━━━ 4/4 61.7it/s 0.1s
[K                 Class     Images  Instances      Box(P          R      mAP50  mAP50-95): 100% ━━━━━━━━━━━━ 1/1 113.1it/s 0.0s
                   all          1          1    0.00658          1     0.0207    0.00368

2 epochs completed in 0.001 hours.
Optimizer stripped from /home/ubuntu/lerobot-smolvla-lew/runs/detect/outputs/yolo_annot_smoke/smoke_plumbing/weights/last.pt, 6.2MB
Optimizer stripped from /home/ubuntu/lerobot-smolvla-lew/runs/detect/outputs/yolo_annot_smoke/smoke_plumbing/weights/best.pt, 6.2MB

Validating /home/ubuntu/lerobot-smolvla-lew/runs/detect/outputs/yolo_annot_smoke/smoke_plumbing/weights/best.pt...
Ultralytics 8.4.126 🚀 Python-3.11.15 torch-2.7.1+cu128 CUDA:0 (NVIDIA GeForce RTX 4060 Laptop GPU, 7806MiB)
Model summary (fused): 73 layers, 3,005,843 parameters, 0 gradients, 8.1 GFLOPs
[K                 Class     Images  Instances      Box(P          R      mAP50  mAP50-95): 100% ━━━━━━━━━━━━ 1/1 143.4it/s 0.0s
                   all          1          1    0.00658          1     0.0207     0.0037
Speed: 1.1ms preprocess, 2.2ms inference, 0.0ms loss, 0.5ms postprocess per image
Results saved to [1m/home/ubuntu/lerobot-smolvla-lew/runs/detect/outputs/yolo_annot_smoke/smoke_plumbing[0m
==============================================================================
⏱ 训练完成: 0.1 分钟 (2 轮) · 权重 runs/detect/outputs/yolo_annot_smoke/smoke_plumbing/weights/best.pt
[真推理验证] val 抽样 1 张 → 0 框 (数据太少/未收敛?)
   20260917_093037_825.jpg: 0 框 (无检出)
   权重路径(给 Orin 部署): runs/detect/outputs/yolo_annot_smoke/smoke_plumbing/weights/best.pt
✅ 完成
